-- The C compiler identification is GNU 13.3.0
-- The CXX compiler identification is GNU 13.3.0
-- Detecting C compiler ABI info
-- Detecting C compiler ABI info - done
-- Check for working C compiler: /usr/bin/cc - skipped
-- Detecting C compile features
-- Detecting C compile features - done
-- Detecting CXX compiler ABI info
-- Detecting CXX compiler ABI info - done
-- Check for working CXX compiler: /usr/bin/c++ - skipped
-- Detecting CXX compile features
-- Detecting CXX compile features - done
-- Found ament_cmake: 2.5.6 (/opt/ros/jazzy/share/ament_cmake/cmake)
-- Found Python3: /usr/bin/python3 (found version "3.12.3") found components: Interpreter 
-- Found rclcpp: 28.1.21 (/opt/ros/jazzy/share/rclcpp/cmake)
-- Found rosidl_generator_c: 4.6.9 (/opt/ros/jazzy/share/rosidl_generator_c/cmake)
-- Found rosidl_generator_cpp: 4.6.9 (/opt/ros/jazzy/share/rosidl_generator_cpp/cmake)
-- Using all available rosidl_typesupport_c: rosidl_typesupport_fastrtps_c;rosidl_typesupport_introspection_c
-- Using all available rosidl_typesupport_cpp: rosidl_typesupport_fastrtps_cpp;rosidl_typesupport_introspection_cpp
-- Found rmw_implementation_cmake: 7.3.3 (/opt/ros/jazzy/share/rmw_implementation_cmake/cmake)
-- Found rmw_fastrtps_cpp: 8.4.4 (/opt/ros/jazzy/share/rmw_fastrtps_cpp/cmake)
-- Found OpenSSL: /usr/lib/aarch64-linux-gnu/libcrypto.so (found version "3.0.13")  
-- Found FastRTPS: /opt/ros/jazzy/include (Required is at least version "2.13") 
-- Using RMW implementation 'rmw_fastrtps_cpp' as default
-- Found std_msgs: 5.3.8 (/opt/ros/jazzy/share/std_msgs/cmake)
-- Found messages: 0.0.0 (/home/calinp/ros-practice/install/messages/share/messages/cmake)
WARNING: Package name "ExampleCppNode" does not follow the naming conventions. It should start with a lower case letter and only contain lower case letters, digits, underscores, and dashes.
-- Configuring done (0.9s)
-- Generating done (0.0s)
-- Build files have been written to: /home/calinp/ros-practice/build/ExampleCppNode
gmake[1]: Entering directory '/home/calinp/ros-practice/build/ExampleCppNode'
gmake[2]: Entering directory '/home/calinp/ros-practice/build/ExampleCppNode'
gmake[3]: Entering directory '/home/calinp/ros-practice/build/ExampleCppNode'
gmake[3]: Leaving directory '/home/calinp/ros-practice/build/ExampleCppNode'
gmake[3]: Entering directory '/home/calinp/ros-practice/build/ExampleCppNode'
[ 50%] [32mBuilding CXX object CMakeFiles/ros-node.dir/src/example_cpp_node.cpp.o[0m
[100%] [32m[1mLinking CXX executable ros-node[0m
gmake[3]: Leaving directory '/home/calinp/ros-practice/build/ExampleCppNode'
[100%] Built target ros-node
gmake[2]: Leaving directory '/home/calinp/ros-practice/build/ExampleCppNode'
gmake[1]: Leaving directory '/home/calinp/ros-practice/build/ExampleCppNode'
-- Install configuration: ""
-- Installing: /home/calinp/ros-practice/install/ExampleCppNode/lib/ExampleCppNode/ros-node
-- Set non-toolchain portion of runtime path of "/home/calinp/ros-practice/install/ExampleCppNode/lib/ExampleCppNode/ros-node" to ""
-- Installing: /home/calinp/ros-practice/install/ExampleCppNode/share/ament_index/resource_index/package_run_dependencies/ExampleCppNode
-- Installing: /home/calinp/ros-practice/install/ExampleCppNode/share/ament_index/resource_index/parent_prefix_path/ExampleCppNode
-- Installing: /home/calinp/ros-practice/install/ExampleCppNode/share/ExampleCppNode/environment/ament_prefix_path.sh
-- Installing: /home/calinp/ros-practice/install/ExampleCppNode/share/ExampleCppNode/environment/ament_prefix_path.dsv
-- Installing: /home/calinp/ros-practice/install/ExampleCppNode/share/ExampleCppNode/environment/path.sh
-- Installing: /home/calinp/ros-practice/install/ExampleCppNode/share/ExampleCppNode/environment/path.dsv
-- Installing: /home/calinp/ros-practice/install/ExampleCppNode/share/ExampleCppNode/local_setup.bash
-- Installing: /home/calinp/ros-practice/install/ExampleCppNode/share/ExampleCppNode/local_setup.sh
-- Installing: /home/calinp/ros-practice/install/ExampleCppNode/share/ExampleCppNode/local_setup.zsh
-- Installing: /home/calinp/ros-practice/install/ExampleCppNode/share/ExampleCppNode/local_setup.dsv
-- Installing: /home/calinp/ros-practice/install/ExampleCppNode/share/ExampleCppNode/package.dsv
-- Installing: /home/calinp/ros-practice/install/ExampleCppNode/share/ament_index/resource_index/packages/ExampleCppNode
-- Installing: /home/calinp/ros-practice/install/ExampleCppNode/share/ExampleCppNode/cmake/ExampleCppNodeConfig.cmake
-- Installing: /home/calinp/ros-practice/install/ExampleCppNode/share/ExampleCppNode/cmake/ExampleCppNodeConfig-version.cmake
-- Installing: /home/calinp/ros-practice/install/ExampleCppNode/share/ExampleCppNode/package.xml
