[0.066s] DEBUG:colcon:Command line arguments: ['/usr/bin/colcon', 'build']
[0.066s] DEBUG:colcon:Parsed command line arguments: Namespace(log_base=None, log_level=None, verb_name='build', build_base='build', install_base='install', merge_install=False, symlink_install=False, test_result_base=None, continue_on_error=False, executor='parallel', parallel_workers=10, event_handlers=None, ignore_user_meta=False, metas=['./colcon.meta'], base_paths=['.'], packages_ignore=None, packages_ignore_regex=None, paths=None, packages_up_to=None, packages_up_to_regex=None, packages_above=None, packages_above_and_dependencies=None, packages_above_depth=None, packages_select_by_dep=None, packages_skip_by_dep=None, packages_skip_up_to=None, packages_select_build_failed=False, packages_skip_build_finished=False, packages_select_test_failures=False, packages_skip_test_passed=False, packages_select=None, packages_skip=None, packages_select_regex=None, packages_skip_regex=None, packages_start=None, packages_end=None, cmake_args=None, cmake_target=None, cmake_target_skip_unavailable=False, cmake_clean_cache=False, cmake_clean_first=False, cmake_force_configure=False, ament_cmake_args=None, catkin_cmake_args=None, catkin_skip_building_tests=False, mixin_files=None, mixin=None, verb_parser=<colcon_mixin.mixin.mixin_argument.MixinArgumentDecorator object at 0xffffa3decbc0>, verb_extension=<colcon_core.verb.build.BuildVerb object at 0xffffa3dec980>, main=<bound method BuildVerb.main of <colcon_core.verb.build.BuildVerb object at 0xffffa3dec980>>, mixin_verb=('build',))
[0.094s] Level 1:colcon.colcon_core.package_discovery:discover_packages(colcon_meta) check parameters
[0.094s] Level 1:colcon.colcon_core.package_discovery:discover_packages(recursive) check parameters
[0.094s] Level 1:colcon.colcon_core.package_discovery:discover_packages(ignore) check parameters
[0.094s] Level 1:colcon.colcon_core.package_discovery:discover_packages(path) check parameters
[0.094s] Level 1:colcon.colcon_core.package_discovery:discover_packages(colcon_meta) discover
[0.095s] Level 1:colcon.colcon_core.package_discovery:discover_packages(recursive) discover
[0.095s] INFO:colcon.colcon_core.package_discovery:Crawling recursively for packages in '/home/calinp/ros-practice'
[0.095s] Level 1:colcon.colcon_core.package_identification:_identify(.) by extensions ['ignore', 'ignore_ament_install']
[0.095s] Level 1:colcon.colcon_core.package_identification:_identify(.) by extension 'ignore'
[0.095s] Level 1:colcon.colcon_core.package_identification:_identify(.) by extension 'ignore_ament_install'
[0.095s] Level 1:colcon.colcon_core.package_identification:_identify(.) by extensions ['colcon_pkg']
[0.095s] Level 1:colcon.colcon_core.package_identification:_identify(.) by extension 'colcon_pkg'
[0.095s] Level 1:colcon.colcon_core.package_identification:_identify(.) by extensions ['colcon_meta']
[0.095s] Level 1:colcon.colcon_core.package_identification:_identify(.) by extension 'colcon_meta'
[0.096s] Level 1:colcon.colcon_core.package_identification:_identify(.) by extensions ['ros']
[0.096s] Level 1:colcon.colcon_core.package_identification:_identify(.) by extension 'ros'
[0.114s] Level 1:colcon.colcon_core.package_identification:_identify(.) by extensions ['cmake', 'python']
[0.114s] Level 1:colcon.colcon_core.package_identification:_identify(.) by extension 'cmake'
[0.115s] Level 1:colcon.colcon_core.package_identification:_identify(.) by extension 'python'
[0.115s] Level 1:colcon.colcon_core.package_identification:_identify(.) by extensions ['python_setup_py']
[0.115s] Level 1:colcon.colcon_core.package_identification:_identify(.) by extension 'python_setup_py'
[0.115s] Level 1:colcon.colcon_core.package_identification:_identify(ExampleCppNode) by extensions ['ignore', 'ignore_ament_install']
[0.116s] Level 1:colcon.colcon_core.package_identification:_identify(ExampleCppNode) by extension 'ignore'
[0.116s] Level 1:colcon.colcon_core.package_identification:_identify(ExampleCppNode) by extension 'ignore_ament_install'
[0.116s] Level 1:colcon.colcon_core.package_identification:_identify(ExampleCppNode) by extensions ['colcon_pkg']
[0.116s] Level 1:colcon.colcon_core.package_identification:_identify(ExampleCppNode) by extension 'colcon_pkg'
[0.116s] Level 1:colcon.colcon_core.package_identification:_identify(ExampleCppNode) by extensions ['colcon_meta']
[0.116s] Level 1:colcon.colcon_core.package_identification:_identify(ExampleCppNode) by extension 'colcon_meta'
[0.116s] Level 1:colcon.colcon_core.package_identification:_identify(ExampleCppNode) by extensions ['ros']
[0.116s] Level 1:colcon.colcon_core.package_identification:_identify(ExampleCppNode) by extension 'ros'
[0.118s] DEBUG:colcon.colcon_core.package_identification:Package 'ExampleCppNode' with type 'ros.ament_cmake' and name 'ExampleCppNode'
[0.119s] Level 1:colcon.colcon_core.package_identification:_identify(ExampleLaunch) by extensions ['ignore', 'ignore_ament_install']
[0.119s] Level 1:colcon.colcon_core.package_identification:_identify(ExampleLaunch) by extension 'ignore'
[0.119s] Level 1:colcon.colcon_core.package_identification:_identify(ExampleLaunch) by extension 'ignore_ament_install'
[0.120s] Level 1:colcon.colcon_core.package_identification:_identify(ExampleLaunch) by extensions ['colcon_pkg']
[0.120s] Level 1:colcon.colcon_core.package_identification:_identify(ExampleLaunch) by extension 'colcon_pkg'
[0.120s] Level 1:colcon.colcon_core.package_identification:_identify(ExampleLaunch) by extensions ['colcon_meta']
[0.120s] Level 1:colcon.colcon_core.package_identification:_identify(ExampleLaunch) by extension 'colcon_meta'
[0.120s] Level 1:colcon.colcon_core.package_identification:_identify(ExampleLaunch) by extensions ['ros']
[0.120s] Level 1:colcon.colcon_core.package_identification:_identify(ExampleLaunch) by extension 'ros'
[0.121s] DEBUG:colcon.colcon_core.package_identification:Package 'ExampleLaunch' with type 'ros.ament_python' and name 'ExampleLaunch'
[0.121s] Level 1:colcon.colcon_core.package_identification:_identify(ExamplePythonNode) by extensions ['ignore', 'ignore_ament_install']
[0.121s] Level 1:colcon.colcon_core.package_identification:_identify(ExamplePythonNode) by extension 'ignore'
[0.121s] Level 1:colcon.colcon_core.package_identification:_identify(ExamplePythonNode) by extension 'ignore_ament_install'
[0.122s] Level 1:colcon.colcon_core.package_identification:_identify(ExamplePythonNode) by extensions ['colcon_pkg']
[0.122s] Level 1:colcon.colcon_core.package_identification:_identify(ExamplePythonNode) by extension 'colcon_pkg'
[0.122s] Level 1:colcon.colcon_core.package_identification:_identify(ExamplePythonNode) by extensions ['colcon_meta']
[0.122s] Level 1:colcon.colcon_core.package_identification:_identify(ExamplePythonNode) by extension 'colcon_meta'
[0.122s] Level 1:colcon.colcon_core.package_identification:_identify(ExamplePythonNode) by extensions ['ros']
[0.122s] Level 1:colcon.colcon_core.package_identification:_identify(ExamplePythonNode) by extension 'ros'
[0.123s] DEBUG:colcon.colcon_core.package_identification:Package 'ExamplePythonNode' with type 'ros.ament_python' and name 'ExamplePythonNode'
[0.123s] Level 1:colcon.colcon_core.package_identification:_identify(build) by extensions ['ignore', 'ignore_ament_install']
[0.123s] Level 1:colcon.colcon_core.package_identification:_identify(build) by extension 'ignore'
[0.123s] Level 1:colcon.colcon_core.package_identification:_identify(build) ignored
[0.123s] Level 1:colcon.colcon_core.package_identification:_identify(install) by extensions ['ignore', 'ignore_ament_install']
[0.123s] Level 1:colcon.colcon_core.package_identification:_identify(install) by extension 'ignore'
[0.123s] Level 1:colcon.colcon_core.package_identification:_identify(install) ignored
[0.124s] Level 1:colcon.colcon_core.package_identification:_identify(log) by extensions ['ignore', 'ignore_ament_install']
[0.124s] Level 1:colcon.colcon_core.package_identification:_identify(log) by extension 'ignore'
[0.124s] Level 1:colcon.colcon_core.package_identification:_identify(log) ignored
[0.124s] Level 1:colcon.colcon_core.package_identification:_identify(messages) by extensions ['ignore', 'ignore_ament_install']
[0.124s] Level 1:colcon.colcon_core.package_identification:_identify(messages) by extension 'ignore'
[0.124s] Level 1:colcon.colcon_core.package_identification:_identify(messages) by extension 'ignore_ament_install'
[0.124s] Level 1:colcon.colcon_core.package_identification:_identify(messages) by extensions ['colcon_pkg']
[0.125s] Level 1:colcon.colcon_core.package_identification:_identify(messages) by extension 'colcon_pkg'
[0.125s] Level 1:colcon.colcon_core.package_identification:_identify(messages) by extensions ['colcon_meta']
[0.125s] Level 1:colcon.colcon_core.package_identification:_identify(messages) by extension 'colcon_meta'
[0.125s] Level 1:colcon.colcon_core.package_identification:_identify(messages) by extensions ['ros']
[0.125s] Level 1:colcon.colcon_core.package_identification:_identify(messages) by extension 'ros'
[0.125s] DEBUG:colcon.colcon_core.package_identification:Package 'messages' with type 'ros.ament_cmake' and name 'messages'
[0.126s] Level 1:colcon.colcon_core.package_discovery:discover_packages(recursive) using defaults
[0.126s] Level 1:colcon.colcon_core.package_discovery:discover_packages(ignore) discover
[0.126s] Level 1:colcon.colcon_core.package_discovery:discover_packages(ignore) using defaults
[0.126s] Level 1:colcon.colcon_core.package_discovery:discover_packages(path) discover
[0.126s] Level 1:colcon.colcon_core.package_discovery:discover_packages(path) using defaults
[0.147s] Level 5:colcon.colcon_core.verb:set package 'messages' build argument 'cmake_args' from command line to 'None'
[0.147s] Level 5:colcon.colcon_core.verb:set package 'messages' build argument 'cmake_target' from command line to 'None'
[0.147s] Level 5:colcon.colcon_core.verb:set package 'messages' build argument 'cmake_target_skip_unavailable' from command line to 'False'
[0.147s] Level 5:colcon.colcon_core.verb:set package 'messages' build argument 'cmake_clean_cache' from command line to 'False'
[0.147s] Level 5:colcon.colcon_core.verb:set package 'messages' build argument 'cmake_clean_first' from command line to 'False'
[0.147s] Level 5:colcon.colcon_core.verb:set package 'messages' build argument 'cmake_force_configure' from command line to 'False'
[0.147s] Level 5:colcon.colcon_core.verb:set package 'messages' build argument 'ament_cmake_args' from command line to 'None'
[0.147s] Level 5:colcon.colcon_core.verb:set package 'messages' build argument 'catkin_cmake_args' from command line to 'None'
[0.147s] Level 5:colcon.colcon_core.verb:set package 'messages' build argument 'catkin_skip_building_tests' from command line to 'False'
[0.148s] DEBUG:colcon.colcon_core.verb:Building package 'messages' with the following arguments: {'ament_cmake_args': None, 'build_base': '/home/calinp/ros-practice/build/messages', 'catkin_cmake_args': None, 'catkin_skip_building_tests': False, 'cmake_args': None, 'cmake_clean_cache': False, 'cmake_clean_first': False, 'cmake_force_configure': False, 'cmake_target': None, 'cmake_target_skip_unavailable': False, 'install_base': '/home/calinp/ros-practice/install/messages', 'merge_install': False, 'path': '/home/calinp/ros-practice/messages', 'symlink_install': False, 'test_result_base': None}
[0.148s] Level 5:colcon.colcon_core.verb:set package 'ExampleCppNode' build argument 'cmake_args' from command line to 'None'
[0.148s] Level 5:colcon.colcon_core.verb:set package 'ExampleCppNode' build argument 'cmake_target' from command line to 'None'
[0.148s] Level 5:colcon.colcon_core.verb:set package 'ExampleCppNode' build argument 'cmake_target_skip_unavailable' from command line to 'False'
[0.148s] Level 5:colcon.colcon_core.verb:set package 'ExampleCppNode' build argument 'cmake_clean_cache' from command line to 'False'
[0.148s] Level 5:colcon.colcon_core.verb:set package 'ExampleCppNode' build argument 'cmake_clean_first' from command line to 'False'
[0.148s] Level 5:colcon.colcon_core.verb:set package 'ExampleCppNode' build argument 'cmake_force_configure' from command line to 'False'
[0.148s] Level 5:colcon.colcon_core.verb:set package 'ExampleCppNode' build argument 'ament_cmake_args' from command line to 'None'
[0.148s] Level 5:colcon.colcon_core.verb:set package 'ExampleCppNode' build argument 'catkin_cmake_args' from command line to 'None'
[0.148s] Level 5:colcon.colcon_core.verb:set package 'ExampleCppNode' build argument 'catkin_skip_building_tests' from command line to 'False'
[0.148s] DEBUG:colcon.colcon_core.verb:Building package 'ExampleCppNode' with the following arguments: {'ament_cmake_args': None, 'build_base': '/home/calinp/ros-practice/build/ExampleCppNode', 'catkin_cmake_args': None, 'catkin_skip_building_tests': False, 'cmake_args': None, 'cmake_clean_cache': False, 'cmake_clean_first': False, 'cmake_force_configure': False, 'cmake_target': None, 'cmake_target_skip_unavailable': False, 'install_base': '/home/calinp/ros-practice/install/ExampleCppNode', 'merge_install': False, 'path': '/home/calinp/ros-practice/ExampleCppNode', 'symlink_install': False, 'test_result_base': None}
[0.148s] Level 5:colcon.colcon_core.verb:set package 'ExamplePythonNode' build argument 'cmake_args' from command line to 'None'
[0.148s] Level 5:colcon.colcon_core.verb:set package 'ExamplePythonNode' build argument 'cmake_target' from command line to 'None'
[0.152s] Level 5:colcon.colcon_core.verb:set package 'ExamplePythonNode' build argument 'cmake_target_skip_unavailable' from command line to 'False'
[0.152s] Level 5:colcon.colcon_core.verb:set package 'ExamplePythonNode' build argument 'cmake_clean_cache' from command line to 'False'
[0.152s] Level 5:colcon.colcon_core.verb:set package 'ExamplePythonNode' build argument 'cmake_clean_first' from command line to 'False'
[0.152s] Level 5:colcon.colcon_core.verb:set package 'ExamplePythonNode' build argument 'cmake_force_configure' from command line to 'False'
[0.152s] Level 5:colcon.colcon_core.verb:set package 'ExamplePythonNode' build argument 'ament_cmake_args' from command line to 'None'
[0.152s] Level 5:colcon.colcon_core.verb:set package 'ExamplePythonNode' build argument 'catkin_cmake_args' from command line to 'None'
[0.152s] Level 5:colcon.colcon_core.verb:set package 'ExamplePythonNode' build argument 'catkin_skip_building_tests' from command line to 'False'
[0.152s] DEBUG:colcon.colcon_core.verb:Building package 'ExamplePythonNode' with the following arguments: {'ament_cmake_args': None, 'build_base': '/home/calinp/ros-practice/build/ExamplePythonNode', 'catkin_cmake_args': None, 'catkin_skip_building_tests': False, 'cmake_args': None, 'cmake_clean_cache': False, 'cmake_clean_first': False, 'cmake_force_configure': False, 'cmake_target': None, 'cmake_target_skip_unavailable': False, 'install_base': '/home/calinp/ros-practice/install/ExamplePythonNode', 'merge_install': False, 'path': '/home/calinp/ros-practice/ExamplePythonNode', 'symlink_install': False, 'test_result_base': None}
[0.152s] Level 5:colcon.colcon_core.verb:set package 'ExampleLaunch' build argument 'cmake_args' from command line to 'None'
[0.152s] Level 5:colcon.colcon_core.verb:set package 'ExampleLaunch' build argument 'cmake_target' from command line to 'None'
[0.152s] Level 5:colcon.colcon_core.verb:set package 'ExampleLaunch' build argument 'cmake_target_skip_unavailable' from command line to 'False'
[0.152s] Level 5:colcon.colcon_core.verb:set package 'ExampleLaunch' build argument 'cmake_clean_cache' from command line to 'False'
[0.152s] Level 5:colcon.colcon_core.verb:set package 'ExampleLaunch' build argument 'cmake_clean_first' from command line to 'False'
[0.152s] Level 5:colcon.colcon_core.verb:set package 'ExampleLaunch' build argument 'cmake_force_configure' from command line to 'False'
[0.152s] Level 5:colcon.colcon_core.verb:set package 'ExampleLaunch' build argument 'ament_cmake_args' from command line to 'None'
[0.152s] Level 5:colcon.colcon_core.verb:set package 'ExampleLaunch' build argument 'catkin_cmake_args' from command line to 'None'
[0.152s] Level 5:colcon.colcon_core.verb:set package 'ExampleLaunch' build argument 'catkin_skip_building_tests' from command line to 'False'
[0.152s] DEBUG:colcon.colcon_core.verb:Building package 'ExampleLaunch' with the following arguments: {'ament_cmake_args': None, 'build_base': '/home/calinp/ros-practice/build/ExampleLaunch', 'catkin_cmake_args': None, 'catkin_skip_building_tests': False, 'cmake_args': None, 'cmake_clean_cache': False, 'cmake_clean_first': False, 'cmake_force_configure': False, 'cmake_target': None, 'cmake_target_skip_unavailable': False, 'install_base': '/home/calinp/ros-practice/install/ExampleLaunch', 'merge_install': False, 'path': '/home/calinp/ros-practice/ExampleLaunch', 'symlink_install': False, 'test_result_base': None}
[0.153s] INFO:colcon.colcon_core.executor:Executing jobs using 'parallel' executor
[0.153s] DEBUG:colcon.colcon_parallel_executor.executor.parallel:run_until_complete
[0.154s] INFO:colcon.colcon_ros.task.ament_cmake.build:Building ROS package in '/home/calinp/ros-practice/messages' with build type 'ament_cmake'
[0.154s] INFO:colcon.colcon_cmake.task.cmake.build:Building CMake package in '/home/calinp/ros-practice/messages'
[0.155s] INFO:colcon.colcon_core.plugin_system:Skipping extension 'colcon_core.shell.bat': Not used on non-Windows systems
[0.155s] INFO:colcon.colcon_core.shell:Skip shell extension 'powershell' for command environment: Not usable outside of PowerShell
[0.155s] DEBUG:colcon.colcon_core.shell:Skip shell extension 'dsv' for command environment
[0.156s] WARNING:colcon.colcon_ros.prefix_path.ament:The path '/home/calinp/ros-practice/install/ExampleLaunch' in the environment variable AMENT_PREFIX_PATH doesn't exist
[0.156s] WARNING:colcon.colcon_ros.prefix_path.ament:The path '/home/calinp/ros-practice/install/ExamplePythonNode' in the environment variable AMENT_PREFIX_PATH doesn't exist
[0.156s] WARNING:colcon.colcon_ros.prefix_path.ament:The path '/home/calinp/ros-practice/install/ExampleCppNode' in the environment variable AMENT_PREFIX_PATH doesn't exist
[0.156s] WARNING:colcon.colcon_ros.prefix_path.ament:The path '/home/calinp/ros-practice/install/messages' in the environment variable AMENT_PREFIX_PATH doesn't exist
[0.156s] WARNING:colcon.colcon_ros.prefix_path.catkin:The path '/home/calinp/ros-practice/install/ExampleCppNode' in the environment variable CMAKE_PREFIX_PATH doesn't exist
[0.157s] WARNING:colcon.colcon_ros.prefix_path.catkin:The path '/home/calinp/ros-practice/install/messages' in the environment variable CMAKE_PREFIX_PATH doesn't exist
[0.165s] DEBUG:colcon.colcon_core.event_handler.log_command:Invoking command in '/home/calinp/ros-practice/build/messages': CMAKE_PREFIX_PATH=${CMAKE_PREFIX_PATH}:/home/calinp/ros-practice/install/ExampleLaunch:/home/calinp/ros-practice/install/ExamplePythonNode:/opt/ros/jazzy /usr/bin/cmake /home/calinp/ros-practice/messages -DCMAKE_INSTALL_PREFIX=/home/calinp/ros-practice/install/messages
[1.785s] DEBUG:colcon.colcon_core.event_handler.log_command:Invoked command in '/home/calinp/ros-practice/build/messages' returned '0': CMAKE_PREFIX_PATH=${CMAKE_PREFIX_PATH}:/home/calinp/ros-practice/install/ExampleLaunch:/home/calinp/ros-practice/install/ExamplePythonNode:/opt/ros/jazzy /usr/bin/cmake /home/calinp/ros-practice/messages -DCMAKE_INSTALL_PREFIX=/home/calinp/ros-practice/install/messages
[1.785s] DEBUG:colcon.colcon_core.event_handler.log_command:Invoking command in '/home/calinp/ros-practice/build/messages': CMAKE_PREFIX_PATH=${CMAKE_PREFIX_PATH}:/home/calinp/ros-practice/install/ExampleLaunch:/home/calinp/ros-practice/install/ExamplePythonNode:/opt/ros/jazzy /usr/bin/cmake --build /home/calinp/ros-practice/build/messages -- -j10 -l10
[3.085s] DEBUG:colcon.colcon_core.event_handler.log_command:Invoked command in '/home/calinp/ros-practice/build/messages' returned '0': CMAKE_PREFIX_PATH=${CMAKE_PREFIX_PATH}:/home/calinp/ros-practice/install/ExampleLaunch:/home/calinp/ros-practice/install/ExamplePythonNode:/opt/ros/jazzy /usr/bin/cmake --build /home/calinp/ros-practice/build/messages -- -j10 -l10
[3.089s] DEBUG:colcon.colcon_core.event_handler.log_command:Invoking command in '/home/calinp/ros-practice/build/messages': CMAKE_PREFIX_PATH=${CMAKE_PREFIX_PATH}:/home/calinp/ros-practice/install/ExampleLaunch:/home/calinp/ros-practice/install/ExamplePythonNode:/opt/ros/jazzy /usr/bin/cmake --install /home/calinp/ros-practice/build/messages
[3.285s] Level 1:colcon.colcon_core.environment:create_environment_scripts_only(messages)
[3.286s] Level 1:colcon.colcon_core.environment:checking '/home/calinp/ros-practice/install/messages' for CMake module files
[3.286s] DEBUG:colcon.colcon_core.event_handler.log_command:Invoked command in '/home/calinp/ros-practice/build/messages' returned '0': CMAKE_PREFIX_PATH=${CMAKE_PREFIX_PATH}:/home/calinp/ros-practice/install/ExampleLaunch:/home/calinp/ros-practice/install/ExamplePythonNode:/opt/ros/jazzy /usr/bin/cmake --install /home/calinp/ros-practice/build/messages
[3.288s] Level 1:colcon.colcon_core.environment:checking '/home/calinp/ros-practice/install/messages' for CMake config files
[3.292s] Level 1:colcon.colcon_core.shell:create_environment_hook('messages', 'cmake_prefix_path')
[3.292s] INFO:colcon.colcon_core.shell:Creating environment hook '/home/calinp/ros-practice/install/messages/share/messages/hook/cmake_prefix_path.ps1'
[3.296s] INFO:colcon.colcon_core.shell:Creating environment descriptor '/home/calinp/ros-practice/install/messages/share/messages/hook/cmake_prefix_path.dsv'
[3.296s] INFO:colcon.colcon_core.shell:Creating environment hook '/home/calinp/ros-practice/install/messages/share/messages/hook/cmake_prefix_path.sh'
[3.297s] Level 1:colcon.colcon_core.environment:checking '/home/calinp/ros-practice/install/messages/lib'
[3.297s] Level 1:colcon.colcon_core.shell:create_environment_hook('messages', 'ld_library_path_lib')
[3.297s] INFO:colcon.colcon_core.shell:Creating environment hook '/home/calinp/ros-practice/install/messages/share/messages/hook/ld_library_path_lib.ps1'
[3.297s] INFO:colcon.colcon_core.shell:Creating environment descriptor '/home/calinp/ros-practice/install/messages/share/messages/hook/ld_library_path_lib.dsv'
[3.300s] INFO:colcon.colcon_core.shell:Creating environment hook '/home/calinp/ros-practice/install/messages/share/messages/hook/ld_library_path_lib.sh'
[3.300s] Level 1:colcon.colcon_core.environment:checking '/home/calinp/ros-practice/install/messages/bin'
[3.300s] Level 1:colcon.colcon_core.environment:checking '/home/calinp/ros-practice/install/messages/lib/pkgconfig/messages.pc'
[3.301s] Level 1:colcon.colcon_core.environment:checking '/home/calinp/ros-practice/install/messages/lib/python3.12/site-packages'
[3.301s] Level 1:colcon.colcon_core.shell:create_environment_hook('messages', 'pythonpath')
[3.301s] INFO:colcon.colcon_core.shell:Creating environment hook '/home/calinp/ros-practice/install/messages/share/messages/hook/pythonpath.ps1'
[3.302s] INFO:colcon.colcon_core.shell:Creating environment descriptor '/home/calinp/ros-practice/install/messages/share/messages/hook/pythonpath.dsv'
[3.302s] INFO:colcon.colcon_core.shell:Creating environment hook '/home/calinp/ros-practice/install/messages/share/messages/hook/pythonpath.sh'
[3.302s] Level 1:colcon.colcon_core.environment:checking '/home/calinp/ros-practice/install/messages/bin'
[3.302s] INFO:colcon.colcon_core.shell:Creating package script '/home/calinp/ros-practice/install/messages/share/messages/package.ps1'
[3.303s] INFO:colcon.colcon_core.shell:Creating package descriptor '/home/calinp/ros-practice/install/messages/share/messages/package.dsv'
[3.304s] INFO:colcon.colcon_core.shell:Creating package script '/home/calinp/ros-practice/install/messages/share/messages/package.sh'
[3.304s] INFO:colcon.colcon_core.shell:Creating package script '/home/calinp/ros-practice/install/messages/share/messages/package.bash'
[3.305s] INFO:colcon.colcon_core.shell:Creating package script '/home/calinp/ros-practice/install/messages/share/messages/package.zsh'
[3.305s] Level 1:colcon.colcon_core.environment:create_file_with_runtime_dependencies(/home/calinp/ros-practice/install/messages/share/colcon-core/packages/messages)
[3.306s] Level 1:colcon.colcon_core.environment:create_environment_scripts_only(messages)
[3.306s] Level 1:colcon.colcon_core.environment:checking '/home/calinp/ros-practice/install/messages' for CMake module files
[3.308s] Level 1:colcon.colcon_core.environment:checking '/home/calinp/ros-practice/install/messages' for CMake config files
[3.311s] Level 1:colcon.colcon_core.shell:create_environment_hook('messages', 'cmake_prefix_path')
[3.311s] INFO:colcon.colcon_core.shell:Creating environment hook '/home/calinp/ros-practice/install/messages/share/messages/hook/cmake_prefix_path.ps1'
[3.311s] INFO:colcon.colcon_core.shell:Creating environment descriptor '/home/calinp/ros-practice/install/messages/share/messages/hook/cmake_prefix_path.dsv'
[3.312s] INFO:colcon.colcon_core.shell:Creating environment hook '/home/calinp/ros-practice/install/messages/share/messages/hook/cmake_prefix_path.sh'
[3.312s] Level 1:colcon.colcon_core.environment:checking '/home/calinp/ros-practice/install/messages/lib'
[3.313s] Level 1:colcon.colcon_core.shell:create_environment_hook('messages', 'ld_library_path_lib')
[3.313s] INFO:colcon.colcon_core.shell:Creating environment hook '/home/calinp/ros-practice/install/messages/share/messages/hook/ld_library_path_lib.ps1'
[3.313s] INFO:colcon.colcon_core.shell:Creating environment descriptor '/home/calinp/ros-practice/install/messages/share/messages/hook/ld_library_path_lib.dsv'
[3.313s] INFO:colcon.colcon_core.shell:Creating environment hook '/home/calinp/ros-practice/install/messages/share/messages/hook/ld_library_path_lib.sh'
[3.314s] Level 1:colcon.colcon_core.environment:checking '/home/calinp/ros-practice/install/messages/bin'
[3.314s] Level 1:colcon.colcon_core.environment:checking '/home/calinp/ros-practice/install/messages/lib/pkgconfig/messages.pc'
[3.314s] Level 1:colcon.colcon_core.environment:checking '/home/calinp/ros-practice/install/messages/lib/python3.12/site-packages'
[3.314s] Level 1:colcon.colcon_core.shell:create_environment_hook('messages', 'pythonpath')
[3.314s] INFO:colcon.colcon_core.shell:Creating environment hook '/home/calinp/ros-practice/install/messages/share/messages/hook/pythonpath.ps1'
[3.314s] INFO:colcon.colcon_core.shell:Creating environment descriptor '/home/calinp/ros-practice/install/messages/share/messages/hook/pythonpath.dsv'
[3.315s] INFO:colcon.colcon_core.shell:Creating environment hook '/home/calinp/ros-practice/install/messages/share/messages/hook/pythonpath.sh'
[3.315s] Level 1:colcon.colcon_core.environment:checking '/home/calinp/ros-practice/install/messages/bin'
[3.316s] INFO:colcon.colcon_core.shell:Creating package script '/home/calinp/ros-practice/install/messages/share/messages/package.ps1'
[3.316s] INFO:colcon.colcon_core.shell:Creating package descriptor '/home/calinp/ros-practice/install/messages/share/messages/package.dsv'
[3.316s] INFO:colcon.colcon_core.shell:Creating package script '/home/calinp/ros-practice/install/messages/share/messages/package.sh'
[3.317s] INFO:colcon.colcon_core.shell:Creating package script '/home/calinp/ros-practice/install/messages/share/messages/package.bash'
[3.317s] INFO:colcon.colcon_core.shell:Creating package script '/home/calinp/ros-practice/install/messages/share/messages/package.zsh'
[3.317s] Level 1:colcon.colcon_core.environment:create_file_with_runtime_dependencies(/home/calinp/ros-practice/install/messages/share/colcon-core/packages/messages)
[3.318s] INFO:colcon.colcon_ros.task.ament_cmake.build:Building ROS package in '/home/calinp/ros-practice/ExampleCppNode' with build type 'ament_cmake'
[3.318s] INFO:colcon.colcon_cmake.task.cmake.build:Building CMake package in '/home/calinp/ros-practice/ExampleCppNode'
[3.318s] INFO:colcon.colcon_core.shell:Skip shell extension 'powershell' for command environment: Not usable outside of PowerShell
[3.318s] DEBUG:colcon.colcon_core.shell:Skip shell extension 'dsv' for command environment
[3.321s] INFO:colcon.colcon_ros.task.ament_python.build:Building ROS package in '/home/calinp/ros-practice/ExamplePythonNode' with build type 'ament_python'
[3.321s] Level 1:colcon.colcon_core.shell:create_environment_hook('ExamplePythonNode', 'ament_prefix_path')
[3.321s] INFO:colcon.colcon_core.shell:Creating environment hook '/home/calinp/ros-practice/install/ExamplePythonNode/share/ExamplePythonNode/hook/ament_prefix_path.ps1'
[3.322s] INFO:colcon.colcon_core.shell:Creating environment descriptor '/home/calinp/ros-practice/install/ExamplePythonNode/share/ExamplePythonNode/hook/ament_prefix_path.dsv'
[3.323s] INFO:colcon.colcon_core.shell:Creating environment hook '/home/calinp/ros-practice/install/ExamplePythonNode/share/ExamplePythonNode/hook/ament_prefix_path.sh'
[3.323s] INFO:colcon.colcon_core.shell:Skip shell extension 'powershell' for command environment: Not usable outside of PowerShell
[3.323s] DEBUG:colcon.colcon_core.shell:Skip shell extension 'dsv' for command environment
[3.331s] DEBUG:colcon.colcon_core.event_handler.log_command:Invoking command in '/home/calinp/ros-practice/build/ExampleCppNode': CMAKE_PREFIX_PATH=/home/calinp/ros-practice/install/messages:/home/calinp/ros-practice/install/ExampleCppNode:/home/calinp/ros-practice/install/ExampleLaunch:/home/calinp/ros-practice/install/ExamplePythonNode:/opt/ros/jazzy PYTHONPATH=/home/calinp/ros-practice/install/messages/lib/python3.12/site-packages:/home/calinp/ros-practice/install/ExampleLaunch/lib/python3.12/site-packages:/home/calinp/ros-practice/install/ExamplePythonNode/lib/python3.12/site-packages:/opt/ros/jazzy/lib/python3.12/site-packages /usr/bin/cmake /home/calinp/ros-practice/ExampleCppNode -DCMAKE_INSTALL_PREFIX=/home/calinp/ros-practice/install/ExampleCppNode
[3.427s] INFO:colcon.colcon_core.task.python.build:Building Python package in '/home/calinp/ros-practice/ExamplePythonNode'
[3.427s] INFO:colcon.colcon_core.shell:Skip shell extension 'powershell' for command environment: Not usable outside of PowerShell
[3.427s] DEBUG:colcon.colcon_core.shell:Skip shell extension 'dsv' for command environment
[3.650s] DEBUG:colcon.colcon_core.task.python.build:Available setuptools commands: bdist_wheel, clean, upload_docs, build_clib, sdist, bdist_egg, init_catalog, extract_messages, alias, bdist_dumb, develop, install_egg_info, install_data, install, install_lib, test, build_py, bdist, build_scripts, register, update_catalog, bdist_rpm, install_scripts, editable_wheel, build, install_headers, rotate, check, dist_info, symlink_data, compile_catalog, saveopts, egg_info, upload, easy_install, build_ext, setopt
[3.652s] DEBUG:colcon.colcon_core.event_handler.log_command:Invoking command in '/home/calinp/ros-practice/ExamplePythonNode': CMAKE_PREFIX_PATH=/home/calinp/ros-practice/install/messages:/home/calinp/ros-practice/install/ExampleCppNode PYTHONPATH=/home/calinp/ros-practice/build/ExamplePythonNode/prefix_override:/usr/lib/python3/dist-packages/colcon_core/task/python/colcon_distutils_commands:/home/calinp/ros-practice/install/ExamplePythonNode/lib/python3.12/site-packages:/home/calinp/ros-practice/install/messages/lib/python3.12/site-packages:/home/calinp/ros-practice/install/ExampleLaunch/lib/python3.12/site-packages:/home/calinp/ros-practice/install/ExamplePythonNode/lib/python3.12/site-packages:/opt/ros/jazzy/lib/python3.12/site-packages /usr/bin/python3 -W ignore:setup.py install is deprecated -W ignore:easy_install command is deprecated setup.py egg_info --egg-base ../build/ExamplePythonNode build --build-base /home/calinp/ros-practice/build/ExamplePythonNode/build install --record /home/calinp/ros-practice/build/ExamplePythonNode/install.log --install-scripts $base/lib/ExamplePythonNode --single-version-externally-managed install_data
[3.871s] Level 1:colcon.colcon_core.environment:checking '/home/calinp/ros-practice/install/ExamplePythonNode' for CMake module files
[3.871s] DEBUG:colcon.colcon_core.event_handler.log_command:Invoked command in '/home/calinp/ros-practice/ExamplePythonNode' returned '0': CMAKE_PREFIX_PATH=/home/calinp/ros-practice/install/messages:/home/calinp/ros-practice/install/ExampleCppNode PYTHONPATH=/home/calinp/ros-practice/build/ExamplePythonNode/prefix_override:/usr/lib/python3/dist-packages/colcon_core/task/python/colcon_distutils_commands:/home/calinp/ros-practice/install/ExamplePythonNode/lib/python3.12/site-packages:/home/calinp/ros-practice/install/messages/lib/python3.12/site-packages:/home/calinp/ros-practice/install/ExampleLaunch/lib/python3.12/site-packages:/home/calinp/ros-practice/install/ExamplePythonNode/lib/python3.12/site-packages:/opt/ros/jazzy/lib/python3.12/site-packages /usr/bin/python3 -W ignore:setup.py install is deprecated -W ignore:easy_install command is deprecated setup.py egg_info --egg-base ../build/ExamplePythonNode build --build-base /home/calinp/ros-practice/build/ExamplePythonNode/build install --record /home/calinp/ros-practice/build/ExamplePythonNode/install.log --install-scripts $base/lib/ExamplePythonNode --single-version-externally-managed install_data
[3.871s] Level 1:colcon.colcon_core.environment:checking '/home/calinp/ros-practice/install/ExamplePythonNode' for CMake config files
[3.873s] Level 1:colcon.colcon_core.environment:checking '/home/calinp/ros-practice/install/ExamplePythonNode/lib'
[3.873s] Level 1:colcon.colcon_core.environment:checking '/home/calinp/ros-practice/install/ExamplePythonNode/bin'
[3.873s] Level 1:colcon.colcon_core.environment:checking '/home/calinp/ros-practice/install/ExamplePythonNode/lib/pkgconfig/ExamplePythonNode.pc'
[3.873s] Level 1:colcon.colcon_core.environment:checking '/home/calinp/ros-practice/install/ExamplePythonNode/lib/python3.12/site-packages'
[3.874s] Level 1:colcon.colcon_core.shell:create_environment_hook('ExamplePythonNode', 'pythonpath')
[3.874s] INFO:colcon.colcon_core.shell:Creating environment hook '/home/calinp/ros-practice/install/ExamplePythonNode/share/ExamplePythonNode/hook/pythonpath.ps1'
[3.874s] INFO:colcon.colcon_core.shell:Creating environment descriptor '/home/calinp/ros-practice/install/ExamplePythonNode/share/ExamplePythonNode/hook/pythonpath.dsv'
[3.875s] INFO:colcon.colcon_core.shell:Creating environment hook '/home/calinp/ros-practice/install/ExamplePythonNode/share/ExamplePythonNode/hook/pythonpath.sh'
[3.876s] Level 1:colcon.colcon_core.environment:checking '/home/calinp/ros-practice/install/ExamplePythonNode/bin'
[3.876s] Level 1:colcon.colcon_core.environment:create_environment_scripts_only(ExamplePythonNode)
[3.876s] INFO:colcon.colcon_core.shell:Creating package script '/home/calinp/ros-practice/install/ExamplePythonNode/share/ExamplePythonNode/package.ps1'
[3.877s] INFO:colcon.colcon_core.shell:Creating package descriptor '/home/calinp/ros-practice/install/ExamplePythonNode/share/ExamplePythonNode/package.dsv'
[3.877s] INFO:colcon.colcon_core.shell:Creating package script '/home/calinp/ros-practice/install/ExamplePythonNode/share/ExamplePythonNode/package.sh'
[3.878s] INFO:colcon.colcon_core.shell:Creating package script '/home/calinp/ros-practice/install/ExamplePythonNode/share/ExamplePythonNode/package.bash'
[3.878s] INFO:colcon.colcon_core.shell:Creating package script '/home/calinp/ros-practice/install/ExamplePythonNode/share/ExamplePythonNode/package.zsh'
[3.878s] Level 1:colcon.colcon_core.environment:create_file_with_runtime_dependencies(/home/calinp/ros-practice/install/ExamplePythonNode/share/colcon-core/packages/ExamplePythonNode)
[4.252s] DEBUG:colcon.colcon_core.event_handler.log_command:Invoked command in '/home/calinp/ros-practice/build/ExampleCppNode' returned '0': CMAKE_PREFIX_PATH=/home/calinp/ros-practice/install/messages:/home/calinp/ros-practice/install/ExampleCppNode:/home/calinp/ros-practice/install/ExampleLaunch:/home/calinp/ros-practice/install/ExamplePythonNode:/opt/ros/jazzy PYTHONPATH=/home/calinp/ros-practice/install/messages/lib/python3.12/site-packages:/home/calinp/ros-practice/install/ExampleLaunch/lib/python3.12/site-packages:/home/calinp/ros-practice/install/ExamplePythonNode/lib/python3.12/site-packages:/opt/ros/jazzy/lib/python3.12/site-packages /usr/bin/cmake /home/calinp/ros-practice/ExampleCppNode -DCMAKE_INSTALL_PREFIX=/home/calinp/ros-practice/install/ExampleCppNode
[4.253s] DEBUG:colcon.colcon_core.event_handler.log_command:Invoking command in '/home/calinp/ros-practice/build/ExampleCppNode': CMAKE_PREFIX_PATH=/home/calinp/ros-practice/install/messages:/home/calinp/ros-practice/install/ExampleCppNode:/home/calinp/ros-practice/install/ExampleLaunch:/home/calinp/ros-practice/install/ExamplePythonNode:/opt/ros/jazzy PYTHONPATH=/home/calinp/ros-practice/install/messages/lib/python3.12/site-packages:/home/calinp/ros-practice/install/ExampleLaunch/lib/python3.12/site-packages:/home/calinp/ros-practice/install/ExamplePythonNode/lib/python3.12/site-packages:/opt/ros/jazzy/lib/python3.12/site-packages /usr/bin/cmake --build /home/calinp/ros-practice/build/ExampleCppNode -- -j10 -l10
[7.479s] DEBUG:colcon.colcon_core.event_handler.log_command:Invoked command in '/home/calinp/ros-practice/build/ExampleCppNode' returned '0': CMAKE_PREFIX_PATH=/home/calinp/ros-practice/install/messages:/home/calinp/ros-practice/install/ExampleCppNode:/home/calinp/ros-practice/install/ExampleLaunch:/home/calinp/ros-practice/install/ExamplePythonNode:/opt/ros/jazzy PYTHONPATH=/home/calinp/ros-practice/install/messages/lib/python3.12/site-packages:/home/calinp/ros-practice/install/ExampleLaunch/lib/python3.12/site-packages:/home/calinp/ros-practice/install/ExamplePythonNode/lib/python3.12/site-packages:/opt/ros/jazzy/lib/python3.12/site-packages /usr/bin/cmake --build /home/calinp/ros-practice/build/ExampleCppNode -- -j10 -l10
[7.480s] DEBUG:colcon.colcon_core.event_handler.log_command:Invoking command in '/home/calinp/ros-practice/build/ExampleCppNode': CMAKE_PREFIX_PATH=/home/calinp/ros-practice/install/messages:/home/calinp/ros-practice/install/ExampleCppNode:/home/calinp/ros-practice/install/ExampleLaunch:/home/calinp/ros-practice/install/ExamplePythonNode:/opt/ros/jazzy PYTHONPATH=/home/calinp/ros-practice/install/messages/lib/python3.12/site-packages:/home/calinp/ros-practice/install/ExampleLaunch/lib/python3.12/site-packages:/home/calinp/ros-practice/install/ExamplePythonNode/lib/python3.12/site-packages:/opt/ros/jazzy/lib/python3.12/site-packages /usr/bin/cmake --install /home/calinp/ros-practice/build/ExampleCppNode
[7.530s] Level 1:colcon.colcon_core.environment:create_environment_scripts_only(ExampleCppNode)
[7.530s] Level 1:colcon.colcon_core.environment:checking '/home/calinp/ros-practice/install/ExampleCppNode' for CMake module files
[7.530s] DEBUG:colcon.colcon_core.event_handler.log_command:Invoked command in '/home/calinp/ros-practice/build/ExampleCppNode' returned '0': CMAKE_PREFIX_PATH=/home/calinp/ros-practice/install/messages:/home/calinp/ros-practice/install/ExampleCppNode:/home/calinp/ros-practice/install/ExampleLaunch:/home/calinp/ros-practice/install/ExamplePythonNode:/opt/ros/jazzy PYTHONPATH=/home/calinp/ros-practice/install/messages/lib/python3.12/site-packages:/home/calinp/ros-practice/install/ExampleLaunch/lib/python3.12/site-packages:/home/calinp/ros-practice/install/ExamplePythonNode/lib/python3.12/site-packages:/opt/ros/jazzy/lib/python3.12/site-packages /usr/bin/cmake --install /home/calinp/ros-practice/build/ExampleCppNode
[7.531s] Level 1:colcon.colcon_core.environment:checking '/home/calinp/ros-practice/install/ExampleCppNode' for CMake config files
[7.532s] Level 1:colcon.colcon_core.shell:create_environment_hook('ExampleCppNode', 'cmake_prefix_path')
[7.532s] INFO:colcon.colcon_core.shell:Creating environment hook '/home/calinp/ros-practice/install/ExampleCppNode/share/ExampleCppNode/hook/cmake_prefix_path.ps1'
[7.533s] INFO:colcon.colcon_core.shell:Creating environment descriptor '/home/calinp/ros-practice/install/ExampleCppNode/share/ExampleCppNode/hook/cmake_prefix_path.dsv'
[7.533s] INFO:colcon.colcon_core.shell:Creating environment hook '/home/calinp/ros-practice/install/ExampleCppNode/share/ExampleCppNode/hook/cmake_prefix_path.sh'
[7.534s] Level 1:colcon.colcon_core.environment:checking '/home/calinp/ros-practice/install/ExampleCppNode/lib'
[7.534s] Level 1:colcon.colcon_core.environment:checking '/home/calinp/ros-practice/install/ExampleCppNode/bin'
[7.534s] Level 1:colcon.colcon_core.environment:checking '/home/calinp/ros-practice/install/ExampleCppNode/lib/pkgconfig/ExampleCppNode.pc'
[7.534s] Level 1:colcon.colcon_core.environment:checking '/home/calinp/ros-practice/install/ExampleCppNode/lib/python3.12/site-packages'
[7.534s] Level 1:colcon.colcon_core.environment:checking '/home/calinp/ros-practice/install/ExampleCppNode/bin'
[7.534s] INFO:colcon.colcon_core.shell:Creating package script '/home/calinp/ros-practice/install/ExampleCppNode/share/ExampleCppNode/package.ps1'
[7.535s] INFO:colcon.colcon_core.shell:Creating package descriptor '/home/calinp/ros-practice/install/ExampleCppNode/share/ExampleCppNode/package.dsv'
[7.535s] INFO:colcon.colcon_core.shell:Creating package script '/home/calinp/ros-practice/install/ExampleCppNode/share/ExampleCppNode/package.sh'
[7.535s] INFO:colcon.colcon_core.shell:Creating package script '/home/calinp/ros-practice/install/ExampleCppNode/share/ExampleCppNode/package.bash'
[7.536s] INFO:colcon.colcon_core.shell:Creating package script '/home/calinp/ros-practice/install/ExampleCppNode/share/ExampleCppNode/package.zsh'
[7.536s] Level 1:colcon.colcon_core.environment:create_file_with_runtime_dependencies(/home/calinp/ros-practice/install/ExampleCppNode/share/colcon-core/packages/ExampleCppNode)
[7.537s] Level 1:colcon.colcon_core.environment:create_environment_scripts_only(ExampleCppNode)
[7.537s] Level 1:colcon.colcon_core.environment:checking '/home/calinp/ros-practice/install/ExampleCppNode' for CMake module files
[7.538s] Level 1:colcon.colcon_core.environment:checking '/home/calinp/ros-practice/install/ExampleCppNode' for CMake config files
[7.538s] Level 1:colcon.colcon_core.shell:create_environment_hook('ExampleCppNode', 'cmake_prefix_path')
[7.538s] INFO:colcon.colcon_core.shell:Creating environment hook '/home/calinp/ros-practice/install/ExampleCppNode/share/ExampleCppNode/hook/cmake_prefix_path.ps1'
[7.539s] INFO:colcon.colcon_core.shell:Creating environment descriptor '/home/calinp/ros-practice/install/ExampleCppNode/share/ExampleCppNode/hook/cmake_prefix_path.dsv'
[7.539s] INFO:colcon.colcon_core.shell:Creating environment hook '/home/calinp/ros-practice/install/ExampleCppNode/share/ExampleCppNode/hook/cmake_prefix_path.sh'
[7.539s] Level 1:colcon.colcon_core.environment:checking '/home/calinp/ros-practice/install/ExampleCppNode/lib'
[7.539s] Level 1:colcon.colcon_core.environment:checking '/home/calinp/ros-practice/install/ExampleCppNode/bin'
[7.539s] Level 1:colcon.colcon_core.environment:checking '/home/calinp/ros-practice/install/ExampleCppNode/lib/pkgconfig/ExampleCppNode.pc'
[7.540s] Level 1:colcon.colcon_core.environment:checking '/home/calinp/ros-practice/install/ExampleCppNode/lib/python3.12/site-packages'
[7.540s] Level 1:colcon.colcon_core.environment:checking '/home/calinp/ros-practice/install/ExampleCppNode/bin'
[7.540s] INFO:colcon.colcon_core.shell:Creating package script '/home/calinp/ros-practice/install/ExampleCppNode/share/ExampleCppNode/package.ps1'
[7.540s] INFO:colcon.colcon_core.shell:Creating package descriptor '/home/calinp/ros-practice/install/ExampleCppNode/share/ExampleCppNode/package.dsv'
[7.540s] INFO:colcon.colcon_core.shell:Creating package script '/home/calinp/ros-practice/install/ExampleCppNode/share/ExampleCppNode/package.sh'
[7.541s] INFO:colcon.colcon_core.shell:Creating package script '/home/calinp/ros-practice/install/ExampleCppNode/share/ExampleCppNode/package.bash'
[7.541s] INFO:colcon.colcon_core.shell:Creating package script '/home/calinp/ros-practice/install/ExampleCppNode/share/ExampleCppNode/package.zsh'
[7.541s] Level 1:colcon.colcon_core.environment:create_file_with_runtime_dependencies(/home/calinp/ros-practice/install/ExampleCppNode/share/colcon-core/packages/ExampleCppNode)
[7.541s] INFO:colcon.colcon_ros.task.ament_python.build:Building ROS package in '/home/calinp/ros-practice/ExampleLaunch' with build type 'ament_python'
[7.541s] Level 1:colcon.colcon_core.shell:create_environment_hook('ExampleLaunch', 'ament_prefix_path')
[7.542s] INFO:colcon.colcon_core.shell:Creating environment hook '/home/calinp/ros-practice/install/ExampleLaunch/share/ExampleLaunch/hook/ament_prefix_path.ps1'
[7.543s] INFO:colcon.colcon_core.shell:Creating environment descriptor '/home/calinp/ros-practice/install/ExampleLaunch/share/ExampleLaunch/hook/ament_prefix_path.dsv'
[7.543s] INFO:colcon.colcon_core.shell:Creating environment hook '/home/calinp/ros-practice/install/ExampleLaunch/share/ExampleLaunch/hook/ament_prefix_path.sh'
[7.544s] INFO:colcon.colcon_core.shell:Skip shell extension 'powershell' for command environment: Not usable outside of PowerShell
[7.544s] DEBUG:colcon.colcon_core.shell:Skip shell extension 'dsv' for command environment
[7.618s] INFO:colcon.colcon_core.task.python.build:Building Python package in '/home/calinp/ros-practice/ExampleLaunch'
[7.618s] INFO:colcon.colcon_core.shell:Skip shell extension 'powershell' for command environment: Not usable outside of PowerShell
[7.618s] DEBUG:colcon.colcon_core.shell:Skip shell extension 'dsv' for command environment
[7.779s] DEBUG:colcon.colcon_core.task.python.build:Available setuptools commands: bdist_wheel, clean, upload_docs, build_clib, sdist, bdist_egg, init_catalog, extract_messages, alias, bdist_dumb, develop, install_egg_info, install_data, install, install_lib, test, build_py, bdist, build_scripts, register, update_catalog, bdist_rpm, install_scripts, editable_wheel, build, install_headers, rotate, check, dist_info, symlink_data, compile_catalog, saveopts, egg_info, upload, easy_install, build_ext, setopt
[7.785s] DEBUG:colcon.colcon_core.event_handler.log_command:Invoking command in '/home/calinp/ros-practice/ExampleLaunch': AMENT_PREFIX_PATH=/home/calinp/ros-practice/install/ExamplePythonNode:/home/calinp/ros-practice/install/ExampleLaunch:/home/calinp/ros-practice/install/ExampleCppNode:/home/calinp/ros-practice/install/messages:/opt/ros/jazzy PYTHONPATH=/home/calinp/ros-practice/build/ExampleLaunch/prefix_override:/usr/lib/python3/dist-packages/colcon_core/task/python/colcon_distutils_commands:/home/calinp/ros-practice/install/ExampleLaunch/lib/python3.12/site-packages:/home/calinp/ros-practice/install/ExamplePythonNode/lib/python3.12/site-packages:/home/calinp/ros-practice/install/messages/lib/python3.12/site-packages:/home/calinp/ros-practice/install/ExampleLaunch/lib/python3.12/site-packages:/opt/ros/jazzy/lib/python3.12/site-packages /usr/bin/python3 -W ignore:setup.py install is deprecated -W ignore:easy_install command is deprecated setup.py egg_info --egg-base ../build/ExampleLaunch build --build-base /home/calinp/ros-practice/build/ExampleLaunch/build install --record /home/calinp/ros-practice/build/ExampleLaunch/install.log --single-version-externally-managed install_data
[7.933s] Level 1:colcon.colcon_core.environment:checking '/home/calinp/ros-practice/install/ExampleLaunch' for CMake module files
[7.934s] DEBUG:colcon.colcon_core.event_handler.log_command:Invoked command in '/home/calinp/ros-practice/ExampleLaunch' returned '0': AMENT_PREFIX_PATH=/home/calinp/ros-practice/install/ExamplePythonNode:/home/calinp/ros-practice/install/ExampleLaunch:/home/calinp/ros-practice/install/ExampleCppNode:/home/calinp/ros-practice/install/messages:/opt/ros/jazzy PYTHONPATH=/home/calinp/ros-practice/build/ExampleLaunch/prefix_override:/usr/lib/python3/dist-packages/colcon_core/task/python/colcon_distutils_commands:/home/calinp/ros-practice/install/ExampleLaunch/lib/python3.12/site-packages:/home/calinp/ros-practice/install/ExamplePythonNode/lib/python3.12/site-packages:/home/calinp/ros-practice/install/messages/lib/python3.12/site-packages:/home/calinp/ros-practice/install/ExampleLaunch/lib/python3.12/site-packages:/opt/ros/jazzy/lib/python3.12/site-packages /usr/bin/python3 -W ignore:setup.py install is deprecated -W ignore:easy_install command is deprecated setup.py egg_info --egg-base ../build/ExampleLaunch build --build-base /home/calinp/ros-practice/build/ExampleLaunch/build install --record /home/calinp/ros-practice/build/ExampleLaunch/install.log --single-version-externally-managed install_data
[7.935s] Level 1:colcon.colcon_core.environment:checking '/home/calinp/ros-practice/install/ExampleLaunch' for CMake config files
[7.936s] Level 1:colcon.colcon_core.environment:checking '/home/calinp/ros-practice/install/ExampleLaunch/lib'
[7.936s] Level 1:colcon.colcon_core.environment:checking '/home/calinp/ros-practice/install/ExampleLaunch/bin'
[7.936s] Level 1:colcon.colcon_core.environment:checking '/home/calinp/ros-practice/install/ExampleLaunch/lib/pkgconfig/ExampleLaunch.pc'
[7.936s] Level 1:colcon.colcon_core.environment:checking '/home/calinp/ros-practice/install/ExampleLaunch/lib/python3.12/site-packages'
[7.937s] Level 1:colcon.colcon_core.shell:create_environment_hook('ExampleLaunch', 'pythonpath')
[7.937s] INFO:colcon.colcon_core.shell:Creating environment hook '/home/calinp/ros-practice/install/ExampleLaunch/share/ExampleLaunch/hook/pythonpath.ps1'
[7.937s] INFO:colcon.colcon_core.shell:Creating environment descriptor '/home/calinp/ros-practice/install/ExampleLaunch/share/ExampleLaunch/hook/pythonpath.dsv'
[7.937s] INFO:colcon.colcon_core.shell:Creating environment hook '/home/calinp/ros-practice/install/ExampleLaunch/share/ExampleLaunch/hook/pythonpath.sh'
[7.938s] Level 1:colcon.colcon_core.environment:checking '/home/calinp/ros-practice/install/ExampleLaunch/bin'
[7.938s] Level 1:colcon.colcon_core.environment:create_environment_scripts_only(ExampleLaunch)
[7.938s] INFO:colcon.colcon_core.shell:Creating package script '/home/calinp/ros-practice/install/ExampleLaunch/share/ExampleLaunch/package.ps1'
[7.938s] INFO:colcon.colcon_core.shell:Creating package descriptor '/home/calinp/ros-practice/install/ExampleLaunch/share/ExampleLaunch/package.dsv'
[7.939s] INFO:colcon.colcon_core.shell:Creating package script '/home/calinp/ros-practice/install/ExampleLaunch/share/ExampleLaunch/package.sh'
[7.939s] INFO:colcon.colcon_core.shell:Creating package script '/home/calinp/ros-practice/install/ExampleLaunch/share/ExampleLaunch/package.bash'
[7.939s] INFO:colcon.colcon_core.shell:Creating package script '/home/calinp/ros-practice/install/ExampleLaunch/share/ExampleLaunch/package.zsh'
[7.940s] Level 1:colcon.colcon_core.environment:create_file_with_runtime_dependencies(/home/calinp/ros-practice/install/ExampleLaunch/share/colcon-core/packages/ExampleLaunch)
[7.940s] DEBUG:colcon.colcon_parallel_executor.executor.parallel:closing loop
[7.940s] DEBUG:colcon.colcon_parallel_executor.executor.parallel:loop closed
[7.940s] DEBUG:colcon.colcon_parallel_executor.executor.parallel:run_until_complete finished with '0'
[7.940s] DEBUG:colcon.colcon_core.event_reactor:joining thread
[7.944s] INFO:colcon.colcon_core.plugin_system:Skipping extension 'colcon_notification.desktop_notification.notify_send': Could not find 'notify-send'
[7.944s] INFO:colcon.colcon_core.plugin_system:Skipping extension 'colcon_notification.desktop_notification.terminal_notifier': Not used on non-Darwin systems
[7.944s] INFO:colcon.colcon_core.plugin_system:Skipping extension 'colcon_notification.desktop_notification.win32': Not used on non-Windows systems
[7.944s] INFO:colcon.colcon_notification.desktop_notification:Sending desktop notification using 'notify2'
[7.944s] DEBUG:colcon.colcon_notification.desktop_notification.notify2:Failed to initialize notify2: org.freedesktop.DBus.Error.NotSupported: Unable to autolaunch a dbus-daemon without a $DISPLAY for X11
[7.944s] DEBUG:colcon.colcon_core.event_reactor:joined thread
[7.944s] INFO:colcon.colcon_core.shell:Creating prefix script '/home/calinp/ros-practice/install/local_setup.ps1'
[7.945s] INFO:colcon.colcon_core.shell:Creating prefix util module '/home/calinp/ros-practice/install/_local_setup_util_ps1.py'
[7.945s] INFO:colcon.colcon_core.shell:Creating prefix chain script '/home/calinp/ros-practice/install/setup.ps1'
[7.947s] INFO:colcon.colcon_core.shell:Creating prefix script '/home/calinp/ros-practice/install/local_setup.sh'
[7.947s] INFO:colcon.colcon_core.shell:Creating prefix util module '/home/calinp/ros-practice/install/_local_setup_util_sh.py'
[7.948s] INFO:colcon.colcon_core.shell:Creating prefix chain script '/home/calinp/ros-practice/install/setup.sh'
[7.949s] INFO:colcon.colcon_core.shell:Creating prefix script '/home/calinp/ros-practice/install/local_setup.bash'
[7.950s] INFO:colcon.colcon_core.shell:Creating prefix chain script '/home/calinp/ros-practice/install/setup.bash'
[7.951s] INFO:colcon.colcon_core.shell:Creating prefix script '/home/calinp/ros-practice/install/local_setup.zsh'
[7.951s] INFO:colcon.colcon_core.shell:Creating prefix chain script '/home/calinp/ros-practice/install/setup.zsh'
