running egg_info
creating ../build/ExampleLaunch/ExampleLaunch.egg-info
writing ../build/ExampleLaunch/ExampleLaunch.egg-info/PKG-INFO
writing dependency_links to ../build/ExampleLaunch/ExampleLaunch.egg-info/dependency_links.txt
writing requirements to ../build/ExampleLaunch/ExampleLaunch.egg-info/requires.txt
writing top-level names to ../build/ExampleLaunch/ExampleLaunch.egg-info/top_level.txt
writing manifest file '../build/ExampleLaunch/ExampleLaunch.egg-info/SOURCES.txt'
reading manifest file '../build/ExampleLaunch/ExampleLaunch.egg-info/SOURCES.txt'
writing manifest file '../build/ExampleLaunch/ExampleLaunch.egg-info/SOURCES.txt'
running build
running install
running install_data
creating /home/calinp/ros-practice/install/ExampleLaunch/share/ament_index
creating /home/calinp/ros-practice/install/ExampleLaunch/share/ament_index/resource_index
creating /home/calinp/ros-practice/install/ExampleLaunch/share/ament_index/resource_index/packages
copying resource/ExampleLaunch -> /home/calinp/ros-practice/install/ExampleLaunch/share/ament_index/resource_index/packages
copying package.xml -> /home/calinp/ros-practice/install/ExampleLaunch/share/ExampleLaunch
creating /home/calinp/ros-practice/install/ExampleLaunch/share/ExampleLaunch/launch
copying launch/nodes.launch.py -> /home/calinp/ros-practice/install/ExampleLaunch/share/ExampleLaunch/launch
running install_egg_info
Copying ../build/ExampleLaunch/ExampleLaunch.egg-info to /home/calinp/ros-practice/install/ExampleLaunch/lib/python3.12/site-packages/ExampleLaunch-0.0.0-py3.12.egg-info
running install_scripts
writing list of installed files to '/home/calinp/ros-practice/build/ExampleLaunch/install.log'
